[backblue.gif]
[fade.gif]
[index.html]
[shizuku.rikka.app/icon/apple-icon-57x57.png]
[shizuku.rikka.app/icon/apple-icon-60x60.png]
[shizuku.rikka.app/icon/apple-icon-72x72.png]
[shizuku.rikka.app/icon/apple-icon-76x76.png]
[shizuku.rikka.app/icon/apple-icon-114x114.png]
[shizuku.rikka.app/icon/apple-icon-120x120.png]
[shizuku.rikka.app/icon/apple-icon-144x144.png]
[shizuku.rikka.app/icon/apple-icon-152x152.png]
[shizuku.rikka.app/icon/apple-icon-180x180.png]
[shizuku.rikka.app/icon/android-icon-192x192.png]
[shizuku.rikka.app/icon/favicon-32x32.png]
[shizuku.rikka.app/icon/favicon-96x96.png]
[shizuku.rikka.app/icon/favicon-16x16.png]
[shizuku.rikka.app/index.html]
[cdn.jsdelivr.net/gh/RikkaW/webfonts@4/css/Roboto-VF.css]
[shizuku.rikka.app/logo.png]
[cdn.jsdelivr.net/gh/RikkaW/webfonts@4/css/NotoSansCJK-SC-VF.css]
[cdn.jsdelivr.net/gh/RikkaW/webfonts@4/css/NotoSansCJK-TC-VF.css]
[shizuku.rikka.app/assets/css/0.styles.83ece2c0.css]
[shizuku.rikka.app/assets/js/app.86984256.js]
[shizuku.rikka.app/assets/js/7.58fa5ae2.js]
[shizuku.rikka.app/assets/js/2.0edb6f57.js]
[shizuku.rikka.app/assets/js/8.0cea770b.js]
[shizuku.rikka.app/images/enable_dev_options.png]
[shizuku.rikka.app/images/enter_wireless_debugging.png]
[shizuku.rikka.app/images/enable_wireless_debugging.png]
[shizuku.rikka.app/images/start_paring_from_shizuku.png]
[shizuku.rikka.app/images/start_pairing.png]
[shizuku.rikka.app/images/enter_pairing_code.png]
[shizuku.rikka.app/assets/js/10.82e52edd.js]
[shizuku.rikka.app/assets/js/11.8a47f983.js]
[shizuku.rikka.app/assets/js/12.b6360bc3.js]
[shizuku.rikka.app/assets/js/13.172c5656.js]
[shizuku.rikka.app/assets/js/14.b37977c5.js]
[shizuku.rikka.app/assets/js/15.1f5285bb.js]
[shizuku.rikka.app/assets/js/16.b8c01cf4.js]
[shizuku.rikka.app/assets/js/17.966fe67b.js]
[shizuku.rikka.app/assets/js/18.77298d07.js]
[shizuku.rikka.app/assets/js/19.1d1e9ab8.js]
[shizuku.rikka.app/assets/js/3.be73de15.js]
[shizuku.rikka.app/assets/js/4.bc71b139.js]
[shizuku.rikka.app/assets/js/5.1470a048.js]
[shizuku.rikka.app/assets/js/6.498ab014.js]
[shizuku.rikka.app/assets/js/9.99d3f141.js]
[shizuku.rikka.app/introduction/index.html]
[shizuku.rikka.app/guide/setup/index.html]
[shizuku.rikka.app/images/start_shizuku.png]
[shizuku.rikka.app/download/index.html]
[shizuku.rikka.app/zh-hans/index.html]
[shizuku.rikka.app/zh-hant/index.html]
[shizuku.rikka.app/assets/img/search.83621669.svg]
[shizuku.rikka.app/zh-hans/introduction/index.html]
[shizuku.rikka.app/zh-hant/introduction/index.html]
[shizuku.rikka.app/zh-hans/guide/setup/index.html]
[shizuku.rikka.app/zh-hant/guide/setup/index.html]
[shizuku.rikka.app/zh-hans/download/index.html]
[shizuku.rikka.app/zh-hant/download/index.html]
